{
 "Typ": "WyJvYmplY3QiLHsiYXJuIjoic3RyaW5nIiwiZW5kX3RpbWUiOiJzdHJpbmciLCJpZCI6InN0cmluZyIsIm5hbWUiOiJzdHJpbmciLCJyZXNvdXJjZV9pZCI6InN0cmluZyIsInNjYWxhYmxlX2RpbWVuc2lvbiI6InN0cmluZyIsInNjYWxhYmxlX3RhcmdldF9hY3Rpb24iOlsibGlzdCIsWyJvYmplY3QiLHsibWF4X2NhcGFjaXR5IjoibnVtYmVyIiwibWluX2NhcGFjaXR5IjoibnVtYmVyIn1dXSwic2NoZWR1bGUiOiJzdHJpbmciLCJzZXJ2aWNlX25hbWVzcGFjZSI6InN0cmluZyIsInN0YXJ0X3RpbWUiOiJzdHJpbmcifV0=",
 "Val": "eyJhcm4iOiJhcm46YXdzOmF1dG9zY2FsaW5nOnVzLWVhc3QtMTo1MzM5NDgxMjQ4Nzk6c2NoZWR1bGVkQWN0aW9uOjAxMmI2MWE5LWM1MDAtNDFhMC04NGE0LTAxOTk3NmJkMTBmYzpyZXNvdXJjZS9keW5hbW9kYi90YWJsZS9HYW1lU2NvcmVzOnNjaGVkdWxlZEFjdGlvbk5hbWUvYWN0aW9uIiwiZW5kX3RpbWUiOm51bGwsImlkIjoiYWN0aW9uLWR5bmFtb2RiLXRhYmxlL0dhbWVTY29yZXMiLCJuYW1lIjoiYWN0aW9uIiwicmVzb3VyY2VfaWQiOiJ0YWJsZS9HYW1lU2NvcmVzIiwic2NhbGFibGVfZGltZW5zaW9uIjoiZHluYW1vZGI6dGFibGU6UmVhZENhcGFjaXR5VW5pdHMiLCJzY2FsYWJsZV90YXJnZXRfYWN0aW9uIjpudWxsLCJzY2hlZHVsZSI6bnVsbCwic2VydmljZV9uYW1lc3BhY2UiOiJkeW5hbW9kYiIsInN0YXJ0X3RpbWUiOm51bGx9",
 "Err": null
}