[
 {
  "Id": "b/dctlgstoragebucketiambinding-2/roles/storage.admin",
  "Type": "google_storage_bucket_iam_binding",
  "Attrs": {
   "bucket": "b/dctlgstoragebucketiambinding-2",
   "id": "b/dctlgstoragebucketiambinding-2/roles/storage.admin",
   "members": [
    "user:william.beuil@cloudskiff.com"
   ],
   "role": "roles/storage.admin"
  }
 },
 {
  "Id": "b/dctlgstoragebucketiambinding-1/roles/storage.objectViewer",
  "Type": "google_storage_bucket_iam_binding",
  "Attrs": {
   "bucket": "b/dctlgstoragebucketiambinding-1",
   "id": "b/dctlgstoragebucketiambinding-1/roles/storage.objectViewer",
   "members": [
    "user:william.beuil@cloudskiff.com"
   ],
   "role": "roles/storage.objectViewer"
  }
 },
 {
  "Id": "b/dctlgstoragebucketiambinding-2/roles/storage.objectViewer",
  "Type": "google_storage_bucket_iam_binding",
  "Attrs": {
   "bucket": "b/dctlgstoragebucketiambinding-2",
   "id": "b/dctlgstoragebucketiambinding-2/roles/storage.objectViewer",
   "members": [
    "user:elie.charra@cloudskiff.com"
   ],
   "role": "roles/storage.objectViewer"
  }
 },
 {
  "Id": "b/dctlgstoragebucketiambinding-1/roles/storage.admin",
  "Type": "google_storage_bucket_iam_binding",
  "Attrs": {
   "bucket": "b/dctlgstoragebucketiambinding-1",
   "id": "b/dctlgstoragebucketiambinding-1/roles/storage.admin",
   "members": [
    "user:elie.charra@cloudskiff.com"
   ],
   "role": "roles/storage.admin"
  }
 }
]