[
 {
  "bucket": "b/dctlgstoragebucketiambinding-1",
  "condition": null,
  "etag": null,
  "id": "b/dctlgstoragebucketiambinding-1/roles/storage.admin",
  "members": [
   "user:elie.charra@cloudskiff.com"
  ],
  "role": "roles/storage.admin"
 },
 {
  "bucket": "b/dctlgstoragebucketiambinding-1",
  "condition": null,
  "etag": null,
  "id": "b/dctlgstoragebucketiambinding-1/roles/storage.objectViewer",
  "members": [
   "user:william.beuil@cloudskiff.com"
  ],
  "role": "roles/storage.objectViewer"
 },
 {
  "bucket": "b/dctlgstoragebucketiambinding-2",
  "condition": null,
  "etag": null,
  "id": "b/dctlgstoragebucketiambinding-2/roles/storage.objectViewer",
  "members": [
   "user:elie.charra@cloudskiff.com"
  ],
  "role": "roles/storage.objectViewer"
 },
 {
  "bucket": "b/dctlgstoragebucketiambinding-2",
  "condition": null,
  "etag": null,
  "id": "b/dctlgstoragebucketiambinding-2/roles/storage.admin",
  "members": [
   "user:william.beuil@cloudskiff.com"
  ],
  "role": "roles/storage.admin"
 }
]