[
 {
  "Id": "b/dctlgstoragebucketiambinding-1",
  "Type": "google_storage_bucket_iam_policy",
  "Attrs": {
   "bucket": "b/dctlgstoragebucketiambinding-1",
   "etag": "CAU=",
   "id": "b/dctlgstoragebucketiambinding-1",
   "policy_data": "{\"bindings\":[{\"members\":[\"serviceAccount:driftctl@cloudskiff-dev-martin.iam.gserviceaccount.com\",\"user:elie.charra@cloudskiff.com\",\"user:martin.guibert@cloudskiff.com\"],\"role\":\"roles/storage.admin\"},{\"members\":[\"user:william.beuil@cloudskiff.com\"],\"role\":\"roles/storage.objectViewer\"}]}"
  }
 },
 {
  "Id": "b/dctlgstoragebucketiambinding-2",
  "Type": "google_storage_bucket_iam_policy",
  "Attrs": {
   "bucket": "b/dctlgstoragebucketiambinding-2",
   "etag": "CAU=",
   "id": "b/dctlgstoragebucketiambinding-2",
   "policy_data": "{\"bindings\":[{\"members\":[\"serviceAccount:driftctl@cloudskiff-dev-martin.iam.gserviceaccount.com\",\"user:elie.charra@cloudskiff.com\",\"user:martin.guibert@cloudskiff.com\"],\"role\":\"roles/storage.admin\"},{\"members\":[\"user:william.beuil@cloudskiff.com\"],\"role\":\"roles/storage.objectViewer\"}]}"
  }
 }
]