[
 {
  "Id": "b/dctlgstoragebucketiambinding-2/roles/storage.objectViewer/user:elie.charra@cloudskiff.com",
  "Type": "google_storage_bucket_iam_member",
  "Attrs": {
   "bucket": "b/dctlgstoragebucketiambinding-2",
   "etag": "CAM=",
   "id": "b/dctlgstoragebucketiambinding-2/roles/storage.objectViewer/user:elie.charra@cloudskiff.com",
   "member": "user:elie.charra@cloudskiff.com",
   "role": "roles/storage.objectViewer"
  }
 },
 {
  "Id": "b/dctlgstoragebucketiambinding-1/roles/storage.admin/user:elie.charra@cloudskiff.com",
  "Type": "google_storage_bucket_iam_member",
  "Attrs": {
   "bucket": "b/dctlgstoragebucketiambinding-1",
   "etag": "CAM=",
   "id": "b/dctlgstoragebucketiambinding-1/roles/storage.admin/user:elie.charra@cloudskiff.com",
   "member": "user:elie.charra@cloudskiff.com",
   "role": "roles/storage.admin"
  }
 },
 {
  "Id": "b/dctlgstoragebucketiambinding-1/roles/storage.objectViewer/user:william.beuil@cloudskiff.com",
  "Type": "google_storage_bucket_iam_member",
  "Attrs": {
   "bucket": "b/dctlgstoragebucketiambinding-1",
   "etag": "CAM=",
   "id": "b/dctlgstoragebucketiambinding-1/roles/storage.objectViewer/user:william.beuil@cloudskiff.com",
   "member": "user:william.beuil@cloudskiff.com",
   "role": "roles/storage.objectViewer"
  }
 },
 {
  "Id": "b/dctlgstoragebucketiambinding-2/roles/storage.admin/user:william.beuil@cloudskiff.com",
  "Type": "google_storage_bucket_iam_member",
  "Attrs": {
   "bucket": "b/dctlgstoragebucketiambinding-2",
   "etag": "CAM=",
   "id": "b/dctlgstoragebucketiambinding-2/roles/storage.admin/user:william.beuil@cloudskiff.com",
   "member": "user:william.beuil@cloudskiff.com",
   "role": "roles/storage.admin"
  }
 }
]